
> halo@1.0.0 dev
> cross-env NODE_ENV=development nodemon src/index.js

[33m[nodemon] 2.0.9[39m
[33m[nodemon] to restart at any time, enter `rs`[39m
[33m[nodemon] watching path(s): *.*[39m
[33m[nodemon] watching extensions: js,mjs,json[39m
[32m[nodemon] starting `node src/index.js`[39m
🔍 [REQUIRE ACCESS] Owner Resource Bundle loaded: [
  'user',       'app',
  'structures', 'node',
  'payment',    'level',
  'storage',    'project',
  'apikeys',    'project-form',
  'roles',      'permissions'
]
🔍 [REQUIRE ACCESS] Bundle type: object
🔍 [REQUIRE ACCESS] Is Array?: true
🔍 [AUTH MIDDLEWARE] Owner Resource Bundle loaded: [
  'user',       'app',
  'structures', 'node',
  'payment',    'level',
  'storage',    'project',
  'apikeys',    'project-form',
  'roles',      'permissions'
]
🔍 [AUTH MIDDLEWARE] Bundle type: object
🔍 [AUTH MIDDLEWARE] Is Array?: true
[33mwarn[39m: ⚠️  Email ingestor worker not available (missing dependencies)
(node:5991) NOTE: The AWS SDK for JavaScript (v2) is in maintenance mode.
 SDK releases are limited to address critical bug fixes and security issues only.

Please migrate your code to use AWS SDK for JavaScript (v3).
For more information, check the blog post at https://a.co/cUPnyil
(Use `node --trace-warnings ...` to show where the warning was created)
[32minfo[39m: ✅ Connected to MongoDB
[32minfo[39m: 🔄 Testing PostgreSQL connection...
[32minfo[39m: 📊 Host: 20.169.129.160:5432
[32minfo[39m: 👤 User: sabyagentic_user
[32minfo[39m: 🗄️  Database: halograph
[32minfo[39m: ✅ PostgreSQL connected successfully
[32minfo[39m: 📋 PostgreSQL Version: PostgreSQL 15.14 (Debian 15.14-1.pgdg13+1) on x86_64-pc-linux-gnu, compiled by gcc (Debian 14.2.0-19) 14.2.0, 64-bit
[32minfo[39m: ✅ Redis connected
[32minfo[39m: ⚙️  Redis ready for commands
[32minfo[39m: ✅ Redis ping successful
[32minfo[39m: 🚀 Initializing background workers...
[32minfo[39m: ✅ Submission worker started
[32minfo[39m: ✅ PERM notification worker started
[32minfo[39m: 🔔 Notification worker initialized
[32minfo[39m: ✅ Notification worker started
[32minfo[39m: ⊘ Email ingestor worker not available (missing dependencies)
[32minfo[39m: 🎉 All workers initialized successfully
[32minfo[39m: 🚀 Server is running on port 4000
[32minfo[39m: 🌍 Environment: development
[32minfo[39m: 📊 Database Status:
[32minfo[39m:    - MongoDB: ✅ Connected
[32minfo[39m:    - PostgreSQL: ✅ Connected
[32minfo[39m:    - Redis: ✅ Connected
[32minfo[39m: Connected to email server
[31merror[39m: Error: Not found
    at /Users/fadebowaley/saby/sabyBackend/src/app.js:182:8
    at Layer.handle [as handle_request] (/Users/fadebowaley/saby/sabyBackend/node_modules/express/lib/router/layer.js:95:5)
    at trim_prefix (/Users/fadebowaley/saby/sabyBackend/node_modules/express/lib/router/index.js:317:13)
    at /Users/fadebowaley/saby/sabyBackend/node_modules/express/lib/router/index.js:284:7
    at Function.process_params (/Users/fadebowaley/saby/sabyBackend/node_modules/express/lib/router/index.js:335:12)
    at next (/Users/fadebowaley/saby/sabyBackend/node_modules/express/lib/router/index.js:275:10)
    at /Users/fadebowaley/saby/sabyBackend/node_modules/express/lib/router/index.js:635:15
    at next (/Users/fadebowaley/saby/sabyBackend/node_modules/express/lib/router/index.js:260:14)
    at Function.handle (/Users/fadebowaley/saby/sabyBackend/node_modules/express/lib/router/index.js:174:3)
    at router (/Users/fadebowaley/saby/sabyBackend/node_modules/express/lib/router/index.js:47:12)
    at Layer.handle [as handle_request] (/Users/fadebowaley/saby/sabyBackend/node_modules/express/lib/router/layer.js:95:5)
    at trim_prefix (/Users/fadebowaley/saby/sabyBackend/node_modules/express/lib/router/index.js:317:13)
    at /Users/fadebowaley/saby/sabyBackend/node_modules/express/lib/router/index.js:284:7
    at Function.process_params (/Users/fadebowaley/saby/sabyBackend/node_modules/express/lib/router/index.js:335:12)
    at next (/Users/fadebowaley/saby/sabyBackend/node_modules/express/lib/router/index.js:275:10)
    at initialize (/Users/fadebowaley/saby/sabyBackend/node_modules/passport/lib/middleware/initialize.js:53:5)
[31merror[39m: GET /v1/health 404 - 19.127 ms - message: Not found
[TenantPlugin] Pre-hook triggered for: findOne
[TenantPlugin] Options: {}
expired token expiry time ---> 30
expired token ---> Moment<2025-10-23T12:16:24+01:00>
expired token ---> Moment<2025-10-23T12:46:24+01:00>
acess token --> eyJhbGciOiJIUzI1NiIsInR5cCI6IkpXVCJ9.eyJzdWIiOiI2OGU0Y2I5NmQxODBiMDI4NWQ5YTcwMWQiLCJpYXQiOjE3NjEyMTYzODQsImV4cCI6MTc2MTIxODE4NCwidHlwZSI6ImFjY2VzcyJ9.P2jhYVcfX9KKF_r_tCD9gmqam4Okex7EPj3lkKphnfA
[32minfo[39m: POST /v1/auth/login 200 - 143.014 ms
[TenantPlugin] Pre-hook triggered for: findOne
[TenantPlugin] Options: {}
--- AUTH DEBUG ---
Route: /v1/node?tenantId=hWiWJ_X0m6&limit=1
HTTP Method: GET
Required Permissions: [ 'view:node' ]
[NODE CONTROLLER - QUERY] Query params: { tenantId: 'hWiWJ_X0m6', limit: 1 } Tenant: hWiWJ_X0m6
[NODE CONTROLLER - QUERY] Filter with tenantId: { tenantId: 'hWiWJ_X0m6' }
[TenantPlugin] paginate() - incoming options: { limit: 1, populate: 'level,structure,users.roles' }
[TenantPlugin] Pre-hook triggered for: countDocuments
[TenantPlugin] Options: {}
[TenantPlugin] Pre-hook triggered for: find
[TenantPlugin] Options: { sort: { createdAt: 1 }, skip: 0, limit: 1 }
[NODE CONTROLLER - QUERY] Found 0 nodes for tenant: hWiWJ_X0m6
[32minfo[39m: GET /v1/node?tenantId=hWiWJ_X0m6&limit=1 200 - 36.230 ms
[requireAccess] Checking access for endpoint: /v1/submissions {
  permissions: [],
  scope: undefined,
  environment: undefined,
  jwtOnly: false,
  apiOnly: false
}
[requireAccess] Incoming headers: {
  Authorization: 'Bearer eyJhbGciOiJIUzI1NiIsInR5cCI6IkpXVCJ9.eyJzdWIiOiI2OGU0Y2I5NmQxODBiMDI4NWQ5YTcwMWQiLCJpYXQiOjE3NjEyMTYzODQsImV4cCI6MTc2MTIxODE4NCwidHlwZSI6ImFjY2VzcyJ9.P2jhYVcfX9KKF_r_tCD9gmqam4Okex7EPj3lkKphnfA',
  'x-api-key': undefined,
  requiredPermissions: []
}
[requireAccess] Full request headers: {
  accept: 'application/json, text/plain, */*',
  'content-type': 'application/json',
  authorization: 'Bearer eyJhbGciOiJIUzI1NiIsInR5cCI6IkpXVCJ9.eyJzdWIiOiI2OGU0Y2I5NmQxODBiMDI4NWQ5YTcwMWQiLCJpYXQiOjE3NjEyMTYzODQsImV4cCI6MTc2MTIxODE4NCwidHlwZSI6ImFjY2VzcyJ9.P2jhYVcfX9KKF_r_tCD9gmqam4Okex7EPj3lkKphnfA',
  'user-agent': 'axios/1.12.2',
  'content-length': '510',
  'accept-encoding': 'gzip, compress, deflate, br',
  host: 'localhost:4000',
  connection: 'close'
}
[requireAccess] Detected JWT
[TenantPlugin] Pre-hook triggered for: findOne
[TenantPlugin] Options: {}
[requireAccess] Authenticated user: {
  roles: [],
  isOwner: true,
  isSuper: true,
  isSaby: true,
  isAgreed: false,
  createdBy: null,
  otp: null,
  otpExpires: null,
  otpVerified: true,
  phoneNumber: null,
  isPhoneVerified: false,
  isEmailVerified: true,
  avatar: 'https://halocrm.s3.us-east-1.amazonaws.com/user/avatar-09.webp',
  status: true,
  deletedAt: null,
  _id: 68e4cb96d180b0285d9a701d,
  firstname: 'Debby',
  lastname: 'Adebowale',
  email: 'saby@saby.ai',
  password: '$2a$08$o1.0/o0J3cDHswtnBPpdO.0KNYtXslW0gYv8ZcwaRkUdsupCw5dH.',
  userId: '0YXBcDcxPH',
  tenantId: 'hWiWJ_X0m6',
  createdAt: 2025-10-07T08:13:10.710Z,
  updatedAt: 2025-10-10T19:17:53.368Z,
  haloId: 'HL-00030',
  __v: 0
}
[requireAccess] Resolved access: user
[32minfo[39m: 🔍 Loading dynamic form schema for project: proj_Mrs538IYtOfd, tenant: proj_Mrs538IYtOfd
[TenantPlugin] Pre-hook triggered for: findOne
[TenantPlugin] Options: {}
[31merror[39m: ❌ Error loading form schema for project proj_Mrs538IYtOfd:
[31merror[39m: Error: Form proj_Mrs538IYtOfd is not published (status: undefined)
    at /Users/fadebowaley/saby/sabyBackend/src/controllers/unifiedSubmission.controller.js:82:13
    at process.processTicksAndRejections (node:internal/process/task_queues:95:5)
[31merror[39m: POST /v1/submissions 400 - 13.685 ms - message: Form proj_Mrs538IYtOfd is not published (status: undefined)
[32m[nodemon] restarting due to changes...[39m
[32m[nodemon] starting `node src/index.js`[39m
🔍 [REQUIRE ACCESS] Owner Resource Bundle loaded: [
  'user',       'app',
  'structures', 'node',
  'payment',    'level',
  'storage',    'project',
  'apikeys',    'project-form',
  'roles',      'permissions'
]
🔍 [REQUIRE ACCESS] Bundle type: object
🔍 [REQUIRE ACCESS] Is Array?: true
🔍 [AUTH MIDDLEWARE] Owner Resource Bundle loaded: [
  'user',       'app',
  'structures', 'node',
  'payment',    'level',
  'storage',    'project',
  'apikeys',    'project-form',
  'roles',      'permissions'
]
🔍 [AUTH MIDDLEWARE] Bundle type: object
🔍 [AUTH MIDDLEWARE] Is Array?: true
[33mwarn[39m: ⚠️  Email ingestor worker not available (missing dependencies)
(node:9404) NOTE: The AWS SDK for JavaScript (v2) is in maintenance mode.
 SDK releases are limited to address critical bug fixes and security issues only.

Please migrate your code to use AWS SDK for JavaScript (v3).
For more information, check the blog post at https://a.co/cUPnyil
(Use `node --trace-warnings ...` to show where the warning was created)
[32minfo[39m: ✅ Connected to MongoDB
[32minfo[39m: 🔄 Testing PostgreSQL connection...
[32minfo[39m: 📊 Host: 20.169.129.160:5432
[32minfo[39m: 👤 User: sabyagentic_user
[32minfo[39m: 🗄️  Database: halograph
[32minfo[39m: ✅ PostgreSQL connected successfully
[32minfo[39m: 📋 PostgreSQL Version: PostgreSQL 15.14 (Debian 15.14-1.pgdg13+1) on x86_64-pc-linux-gnu, compiled by gcc (Debian 14.2.0-19) 14.2.0, 64-bit
[32minfo[39m: ✅ Redis connected
[32minfo[39m: ⚙️  Redis ready for commands
[32minfo[39m: ✅ Redis ping successful
[32minfo[39m: 🚀 Initializing background workers...
[32minfo[39m: ✅ Submission worker started
[32minfo[39m: ✅ PERM notification worker started
[32minfo[39m: 🔔 Notification worker initialized
[32minfo[39m: ✅ Notification worker started
[32minfo[39m: ⊘ Email ingestor worker not available (missing dependencies)
[32minfo[39m: 🎉 All workers initialized successfully
[32minfo[39m: 🚀 Server is running on port 4000
[32minfo[39m: 🌍 Environment: development
[32minfo[39m: 📊 Database Status:
[32minfo[39m:    - MongoDB: ✅ Connected
[32minfo[39m:    - PostgreSQL: ✅ Connected
[32minfo[39m:    - Redis: ✅ Connected
[32minfo[39m: Connected to email server
[32m[nodemon] restarting due to changes...[39m
[32m[nodemon] starting `node src/index.js`[39m
[32m[nodemon] restarting due to changes...[39m
[32m[nodemon] starting `node src/index.js`[39m
🔍 [REQUIRE ACCESS] Owner Resource Bundle loaded: [
  'user',       'app',
  'structures', 'node',
  'payment',    'level',
  'storage',    'project',
  'apikeys',    'project-form',
  'roles',      'permissions'
]
🔍 [REQUIRE ACCESS] Bundle type: object
🔍 [REQUIRE ACCESS] Is Array?: true
🔍 [AUTH MIDDLEWARE] Owner Resource Bundle loaded: [
  'user',       'app',
  'structures', 'node',
  'payment',    'level',
  'storage',    'project',
  'apikeys',    'project-form',
  'roles',      'permissions'
]
🔍 [AUTH MIDDLEWARE] Bundle type: object
🔍 [AUTH MIDDLEWARE] Is Array?: true
[33mwarn[39m: ⚠️  Email ingestor worker not available (missing dependencies)
(node:10512) NOTE: The AWS SDK for JavaScript (v2) is in maintenance mode.
 SDK releases are limited to address critical bug fixes and security issues only.

Please migrate your code to use AWS SDK for JavaScript (v3).
For more information, check the blog post at https://a.co/cUPnyil
(Use `node --trace-warnings ...` to show where the warning was created)
[32minfo[39m: ✅ Connected to MongoDB
[32minfo[39m: 🔄 Testing PostgreSQL connection...
[32minfo[39m: 📊 Host: 20.169.129.160:5432
[32minfo[39m: 👤 User: sabyagentic_user
[32minfo[39m: 🗄️  Database: halograph
[32minfo[39m: ✅ PostgreSQL connected successfully
[32minfo[39m: 📋 PostgreSQL Version: PostgreSQL 15.14 (Debian 15.14-1.pgdg13+1) on x86_64-pc-linux-gnu, compiled by gcc (Debian 14.2.0-19) 14.2.0, 64-bit
[32minfo[39m: ✅ Redis connected
[32minfo[39m: ⚙️  Redis ready for commands
[32minfo[39m: ✅ Redis ping successful
[32minfo[39m: 🚀 Initializing background workers...
[32minfo[39m: ✅ Submission worker started
[32minfo[39m: ✅ PERM notification worker started
[32minfo[39m: 🔔 Notification worker initialized
[32minfo[39m: ✅ Notification worker started
[32minfo[39m: ⊘ Email ingestor worker not available (missing dependencies)
[32minfo[39m: 🎉 All workers initialized successfully
[32minfo[39m: 🚀 Server is running on port 4000
[32minfo[39m: 🌍 Environment: development
[32minfo[39m: 📊 Database Status:
[32minfo[39m:    - MongoDB: ✅ Connected
[32minfo[39m:    - PostgreSQL: ✅ Connected
[32minfo[39m:    - Redis: ✅ Connected
[32minfo[39m: Connected to email server
[32m[nodemon] restarting due to changes...[39m
[32m[nodemon] starting `node src/index.js`[39m
🔍 [REQUIRE ACCESS] Owner Resource Bundle loaded: [
  'user',       'app',
  'structures', 'node',
  'payment',    'level',
  'storage',    'project',
  'apikeys',    'project-form',
  'roles',      'permissions'
]
🔍 [REQUIRE ACCESS] Bundle type: object
🔍 [REQUIRE ACCESS] Is Array?: true
🔍 [AUTH MIDDLEWARE] Owner Resource Bundle loaded: [
  'user',       'app',
  'structures', 'node',
  'payment',    'level',
  'storage',    'project',
  'apikeys',    'project-form',
  'roles',      'permissions'
]
🔍 [AUTH MIDDLEWARE] Bundle type: object
🔍 [AUTH MIDDLEWARE] Is Array?: true
[33mwarn[39m: ⚠️  Email ingestor worker not available (missing dependencies)
(node:14802) NOTE: The AWS SDK for JavaScript (v2) is in maintenance mode.
 SDK releases are limited to address critical bug fixes and security issues only.

Please migrate your code to use AWS SDK for JavaScript (v3).
For more information, check the blog post at https://a.co/cUPnyil
(Use `node --trace-warnings ...` to show where the warning was created)
[32minfo[39m: ✅ Connected to MongoDB
[32minfo[39m: 🔄 Testing PostgreSQL connection...
[32minfo[39m: 📊 Host: 20.169.129.160:5432
[32minfo[39m: 👤 User: sabyagentic_user
[32minfo[39m: 🗄️  Database: halograph
[32minfo[39m: ✅ PostgreSQL connected successfully
[32minfo[39m: 📋 PostgreSQL Version: PostgreSQL 15.14 (Debian 15.14-1.pgdg13+1) on x86_64-pc-linux-gnu, compiled by gcc (Debian 14.2.0-19) 14.2.0, 64-bit
[32minfo[39m: ✅ Redis connected
[32minfo[39m: ⚙️  Redis ready for commands
[32minfo[39m: ✅ Redis ping successful
[32minfo[39m: 🚀 Initializing background workers...
[32minfo[39m: ✅ Submission worker started
[32minfo[39m: ✅ PERM notification worker started
[32minfo[39m: 🔔 Notification worker initialized
[32minfo[39m: ✅ Notification worker started
[32minfo[39m: ⊘ Email ingestor worker not available (missing dependencies)
[32minfo[39m: 🎉 All workers initialized successfully
[32minfo[39m: 🚀 Server is running on port 4000
[32minfo[39m: 🌍 Environment: development
[32minfo[39m: 📊 Database Status:
[32minfo[39m:    - MongoDB: ✅ Connected
[32minfo[39m:    - PostgreSQL: ✅ Connected
[32minfo[39m:    - Redis: ✅ Connected
[32minfo[39m: Connected to email server
[32minfo[39m: GET / 200 - 11.726 ms
[TenantPlugin] Pre-hook triggered for: findOne
[TenantPlugin] Options: {}
expired token expiry time ---> 30
expired token ---> Moment<2025-10-23T12:21:13+01:00>
expired token ---> Moment<2025-10-23T12:51:13+01:00>
acess token --> eyJhbGciOiJIUzI1NiIsInR5cCI6IkpXVCJ9.eyJzdWIiOiI2OGU0Y2I5NmQxODBiMDI4NWQ5YTcwMWQiLCJpYXQiOjE3NjEyMTY2NzMsImV4cCI6MTc2MTIxODQ3MywidHlwZSI6ImFjY2VzcyJ9.CoVA3FWpi0X4iBHsCg5ZYu7WUJB93XytxjF6K7RsuqM
[32minfo[39m: POST /v1/auth/login 200 - 186.301 ms
[TenantPlugin] Pre-hook triggered for: findOne
[TenantPlugin] Options: {}
--- AUTH DEBUG ---
Route: /v1/node?tenantId=hWiWJ_X0m6&limit=1
HTTP Method: GET
Required Permissions: [ 'view:node' ]
[NODE CONTROLLER - QUERY] Query params: { tenantId: 'hWiWJ_X0m6', limit: 1 } Tenant: hWiWJ_X0m6
[NODE CONTROLLER - QUERY] Filter with tenantId: { tenantId: 'hWiWJ_X0m6' }
[TenantPlugin] paginate() - incoming options: { limit: 1, populate: 'level,structure,users.roles' }
[TenantPlugin] Pre-hook triggered for: countDocuments
[TenantPlugin] Options: {}
[TenantPlugin] Pre-hook triggered for: find
[TenantPlugin] Options: { sort: { createdAt: 1 }, skip: 0, limit: 1 }
[NODE CONTROLLER - QUERY] Found 0 nodes for tenant: hWiWJ_X0m6
[32minfo[39m: GET /v1/node?tenantId=hWiWJ_X0m6&limit=1 200 - 38.832 ms
[requireAccess] Checking access for endpoint: /v1/submissions {
  permissions: [],
  scope: undefined,
  environment: undefined,
  jwtOnly: false,
  apiOnly: false
}
[requireAccess] Incoming headers: {
  Authorization: 'Bearer eyJhbGciOiJIUzI1NiIsInR5cCI6IkpXVCJ9.eyJzdWIiOiI2OGU0Y2I5NmQxODBiMDI4NWQ5YTcwMWQiLCJpYXQiOjE3NjEyMTY2NzMsImV4cCI6MTc2MTIxODQ3MywidHlwZSI6ImFjY2VzcyJ9.CoVA3FWpi0X4iBHsCg5ZYu7WUJB93XytxjF6K7RsuqM',
  'x-api-key': undefined,
  requiredPermissions: []
}
[requireAccess] Full request headers: {
  accept: 'application/json, text/plain, */*',
  'content-type': 'application/json',
  authorization: 'Bearer eyJhbGciOiJIUzI1NiIsInR5cCI6IkpXVCJ9.eyJzdWIiOiI2OGU0Y2I5NmQxODBiMDI4NWQ5YTcwMWQiLCJpYXQiOjE3NjEyMTY2NzMsImV4cCI6MTc2MTIxODQ3MywidHlwZSI6ImFjY2VzcyJ9.CoVA3FWpi0X4iBHsCg5ZYu7WUJB93XytxjF6K7RsuqM',
  'user-agent': 'axios/1.12.2',
  'content-length': '510',
  'accept-encoding': 'gzip, compress, deflate, br',
  host: 'localhost:4000',
  connection: 'close'
}
[requireAccess] Detected JWT
[TenantPlugin] Pre-hook triggered for: findOne
[TenantPlugin] Options: {}
[requireAccess] Authenticated user: {
  roles: [],
  isOwner: true,
  isSuper: true,
  isSaby: true,
  isAgreed: false,
  createdBy: null,
  otp: null,
  otpExpires: null,
  otpVerified: true,
  phoneNumber: null,
  isPhoneVerified: false,
  isEmailVerified: true,
  avatar: 'https://halocrm.s3.us-east-1.amazonaws.com/user/avatar-09.webp',
  status: true,
  deletedAt: null,
  _id: 68e4cb96d180b0285d9a701d,
  firstname: 'Debby',
  lastname: 'Adebowale',
  email: 'saby@saby.ai',
  password: '$2a$08$o1.0/o0J3cDHswtnBPpdO.0KNYtXslW0gYv8ZcwaRkUdsupCw5dH.',
  userId: '0YXBcDcxPH',
  tenantId: 'hWiWJ_X0m6',
  createdAt: 2025-10-07T08:13:10.710Z,
  updatedAt: 2025-10-10T19:17:53.368Z,
  haloId: 'HL-00030',
  __v: 0
}
[requireAccess] Resolved access: user
[32minfo[39m: 🔍 Loading dynamic form schema for project: proj_Mrs538IYtOfd, tenant: hWiWJ_X0m6
[TenantPlugin] Pre-hook triggered for: findOne
[TenantPlugin] Options: {}
[31merror[39m: ❌ Error loading form schema for project proj_Mrs538IYtOfd:
📡 Emitted activity update to tenant:hWiWJ_X0m6
[32minfo[39m: [Activity] rejected - rejected - Job: rejected-1761216673407 - Form validation failed: Error loading form schema
[31merror[39m: Error: Error loading form schema (LOAD_ERROR)
    at /Users/fadebowaley/saby/sabyBackend/src/controllers/unifiedSubmission.controller.js:91:13
    at process.processTicksAndRejections (node:internal/process/task_queues:95:5)
[31merror[39m: POST /v1/submissions 400 - 207.595 ms - message: Error loading form schema (LOAD_ERROR)
[32m[nodemon] restarting due to changes...[39m
[32m[nodemon] starting `node src/index.js`[39m
🔍 [REQUIRE ACCESS] Owner Resource Bundle loaded: [
  'user',       'app',
  'structures', 'node',
  'payment',    'level',
  'storage',    'project',
  'apikeys',    'project-form',
  'roles',      'permissions'
]
🔍 [REQUIRE ACCESS] Bundle type: object
🔍 [REQUIRE ACCESS] Is Array?: true
🔍 [AUTH MIDDLEWARE] Owner Resource Bundle loaded: [
  'user',       'app',
  'structures', 'node',
  'payment',    'level',
  'storage',    'project',
  'apikeys',    'project-form',
  'roles',      'permissions'
]
🔍 [AUTH MIDDLEWARE] Bundle type: object
🔍 [AUTH MIDDLEWARE] Is Array?: true
[33mwarn[39m: ⚠️  Email ingestor worker not available (missing dependencies)
(node:16306) NOTE: The AWS SDK for JavaScript (v2) is in maintenance mode.
 SDK releases are limited to address critical bug fixes and security issues only.

Please migrate your code to use AWS SDK for JavaScript (v3).
For more information, check the blog post at https://a.co/cUPnyil
(Use `node --trace-warnings ...` to show where the warning was created)
[32minfo[39m: ✅ Connected to MongoDB
[32minfo[39m: 🔄 Testing PostgreSQL connection...
[32minfo[39m: 📊 Host: 20.169.129.160:5432
[32minfo[39m: 👤 User: sabyagentic_user
[32minfo[39m: 🗄️  Database: halograph
[32minfo[39m: ✅ PostgreSQL connected successfully
[32minfo[39m: 📋 PostgreSQL Version: PostgreSQL 15.14 (Debian 15.14-1.pgdg13+1) on x86_64-pc-linux-gnu, compiled by gcc (Debian 14.2.0-19) 14.2.0, 64-bit
[32minfo[39m: ✅ Redis connected
[32minfo[39m: ⚙️  Redis ready for commands
[32minfo[39m: ✅ Redis ping successful
[32minfo[39m: 🚀 Initializing background workers...
[32minfo[39m: ✅ Submission worker started
[32minfo[39m: ✅ PERM notification worker started
[32minfo[39m: 🔔 Notification worker initialized
[32minfo[39m: ✅ Notification worker started
[32minfo[39m: ⊘ Email ingestor worker not available (missing dependencies)
[32minfo[39m: 🎉 All workers initialized successfully
[32minfo[39m: 🚀 Server is running on port 4000
[32minfo[39m: 🌍 Environment: development
[32minfo[39m: 📊 Database Status:
[32minfo[39m:    - MongoDB: ✅ Connected
[32minfo[39m:    - PostgreSQL: ✅ Connected
[32minfo[39m:    - Redis: ✅ Connected
[32minfo[39m: Connected to email server
[32minfo[39m: GET / 200 - 2.691 ms
[31m[nodemon] app crashed - waiting for file changes before starting...[39m
